[
	[
		{
			"pkey": 2,
			"uuid": "f2v3b3b0-3b3b-11e7-9b35-0f8b4f1f3f3c",
			"name": "Alice Smith",
			"age": 40,
			"lastLoginAt": "1990-05-15T10:00:00Z",
			"isActive": false
		},
		{
			"pkey": 6,
			"uuid": "11b3b3b0-3b3b-11e7-9b35-0f8b4f1f3f3g",
			"name": "Eve Black",
			"age": 52,
			"lastLoginAt": "2010-05-15T10:00:00Z",
			"isActive": true
		}
	],
	[
		{
			"pkey": 2,
			"uuid": "f2v3b3b0-3b3b-11e7-9b35-0f8b4f1f3f3c",
			"name": "Alice Smith",
			"age": 40,
			"lastLoginAt": "1990-05-15T10:00:00Z",
			"isActive": false
		},
		{
			"pkey": 6,
			"uuid": "11b3b3b0-3b3b-11e7-9b35-0f8b4f1f3f3g",
			"name": "Eve Black",
			"age": 52,
			"lastLoginAt": "2010-05-15T10:00:00Z",
			"isActive": true
		}
	],
	[
		{
			"pkey": 4,
			"uuid": "f1b34fb0-3b3b-11e7-9b35-0f8b4f1f3f3e",
			"name": "Charlie Green",
			"age": 40,
			"lastLoginAt": "2018-05-11T10:00:00Z",
			"isActive": false
		},
		{
			"pkey": 1,
			"uuid": "f1b3b3b0-3b3b-11e7-9b35-0f8b4f1f3f3b",
			"name": "John Doe",
			"age": 25,
			"lastLoginAt": "2018-05-15T10:00:00Z",
			"isActive": true
		}
	],
	[
		{
			"pkey": 6,
			"uuid": "11b3b3b0-3b3b-11e7-9b35-0f8b4f1f3f3g",
			"name": "Eve Black",
			"age": 52,
			"lastLoginAt": "2010-05-15T10:00:00Z",
			"isActive": true
		},
		{
			"pkey": 2,
			"uuid": "f2v3b3b0-3b3b-11e7-9b35-0f8b4f1f3f3c",
			"name": "Alice Smith",
			"age": 40,
			"lastLoginAt": "1990-05-15T10:00:00Z",
			"isActive": false
		}
	],
	[
		{
			"pkey": 2,
			"uuid": "f2v3b3b0-3b3b-11e7-9b35-0f8b4f1f3f3c",
			"name": "Alice Smith",
			"age": 40,
			"lastLoginAt": "1990-05-15T10:00:00Z",
			"isActive": false
		},
		{
			"pkey": 6,
			"uuid": "11b3b3b0-3b3b-11e7-9b35-0f8b4f1f3f3g",
			"name": "Eve Black",
			"age": 52,
			"lastLoginAt": "2010-05-15T10:00:00Z",
			"isActive": true
		}
	]
]
